architecture : vlm_adaptive_plan_gemma_dev  (VLM-authored adaptive plan + SPF waypoints (Gemma development))
environment  : grid_nav_onfly_depth_v2_dev  (long_horizon_nav)
authority    : waypoint   supervision: periodic_monitor
memory       : compact_keyframe_memory   scheduler: async_multi_rate
success      : False
termination  : timeout (horizon reached)
sim time     : 90.0s   wall: 456.04s

metrics:
  actual_control_hz                           20.0000
  adaptive_plan_calls                         89.0000
  adaptive_plan_invalid_outputs                0.0000
  adaptive_plan_retained_goals                57.0000
  adaptive_plan_revisions                      2.0000
  agent_stopped                                0.0000
  arrived_without_stopping                     0.0000
  collision_rate                               0.0000
  collisions                                   0.0000
  configured_control_hz                       20.0000
  constraint_violations                       71.0000
  control_rate_fidelity                        1.0000
  control_updates                           1800.0000
  correct_terminal_stop                        0.0000
  decision_age_max_s                           4.0500
  decision_age_median_s                        1.6000
  decision_age_p95_s                           3.0500
  decision_production_latency_median_s         1.0500
  decisions_executed                          18.0000
  decisions_proposed                          89.0000
  distance_to_goal_m                          23.9950
  executable_plan_rate                         1.0000
  false_target_commitment                      0.0000
  feature_cache_evictions                      0.0000
  feature_cache_hit_rate                       0.0000
  feature_cache_hits                           0.0000
  feature_cache_misses                         0.0000
  feature_cache_stores                         0.0000
  flight_time_s                               90.0000
  inference_calls_monitor                     45.0000
  inference_calls_policy                      89.0000
  inference_calls_total                      134.0000
  inference_charged_s_monitor                 54.0000
  inference_charged_s_policy                  90.0000
  inference_errors                             0.0000
  inference_latency_s_monitor                 43.2707
  inference_latency_s_policy                 384.0260
  inference_mean_latency_s_monitor             0.9616
  inference_mean_latency_s_policy              4.3149
  inference_server_setup_s_monitor             0.5046
  inference_server_setup_s_policy              1.0921
  inference_tokens_monitor                  2532.0000
  inference_tokens_policy                  31612.0000
  inference_tokens_total                   34144.0000
  lure_dwell_s                                 0.0000
  min_obstacle_distance_m                      2.9877
  monitor_assessments                         45.0000
  monitor_blocked_calls                        0.0000
  monitor_lost_calls                           0.0000
  monitor_stop_calls                           0.0000
  onfly_monitor_calls                         45.0000
  onfly_monitor_parse_errors                   0.0000
  out_of_bounds                                0.0000
  path_efficiency                              1.0000
  path_length_m                               11.3064
  peak_rss_mb                                  0.0000
  premature_stop                               0.0000
  reached_goal                                 0.0000
  reasoner_calls                               0.0000
  reasoner_calls_per_minute                    0.0000
  recovery_attempted                           0.0000
  recovery_decisions                           0.0000
  recovery_success                             0.0000
  recovery_triggers                            0.0000
  rejected_or_modified_proposal_rate           0.7978
  safety_intervention_rate                     0.0000
  safety_interventions                         0.0000
  safety_modification_rate                     0.0000
  safety_rejections                            0.0000
  safety_stops                                 0.0000
  semantic_latency_median_s                    4.2239
  semantic_latency_p95_s                       4.5419
  stale_action_rate                            0.0000
  stale_rejection_rate                         0.0000
  subgoal_completion                           0.5000
  subgoals_completed                           1.0000
  time_to_goal_s                              -1.0000
  tokens_per_minute                        22762.6667
  verifier_rejection_rate                      0.7978
  verifier_repair_rate                         0.0000

artifacts: runs\vlm_adaptive_plan_20260912_s1061
